$ bin/fm-lab-home.sh create /root/.no-mistakes/worktrees/7f0ec18181b6/01M4GC8SXVYPE0BSGSWEQKRWVQ/.fm-live-niwc_4i3
/root/.no-mistakes/worktrees/7f0ec18181b6/01M4GC8SXVYPE0BSGSWEQKRWVQ/.fm-live-niwc_4i3
EXIT=0
REPORT done [at=1791551169]: PR https://github.com/o/r/pull/7 checks green
$ bin/fm-watch.sh
check: PR-ready overdue: task=ship PR=https://github.com/o/r/pull/7 age=1202s; start its authorized review or landing, then acknowledge with bin/fm-pr-ready-ack.sh ship https://github.com/o/r/pull/7 <review-started|merge-started|held> strong:64770:6277290:2026-10-09\ 13:26:10.240212050\ +0000\|68
EXIT=0
STATE ship.pr-ready
strong:64770:6277290:2026-10-09 13:26:10.240212050 +0000
68
https://github.com/o/r/pull/7
1791551169
1791552371
0
68
fm-pr-ready-v1

STATE .wake-queue
1791552371	1	check	pr-ready-ship	check: PR-ready overdue: task=ship PR=https://github.com/o/r/pull/7 age=1202s; start its authorized review or landing, then acknowledge with bin/fm-pr-ready-ack.sh ship https://github.com/o/r/pull/7 <review-started|merge-started|held> strong:64770:6277290:2026-10-09\ 13:26:10.240212050\ +0000\|68

PASS A quiet supervisor receives a durable actionable alarm for a PR older than the default 20 minutes
$ bin/fm-wake-drain.sh
1791552371	1	check	pr-ready-ship	check: PR-ready overdue: task=ship PR=https://github.com/o/r/pull/7 age=1202s; start its authorized review or landing, then acknowledge with bin/fm-pr-ready-ack.sh ship https://github.com/o/r/pull/7 <review-started|merge-started|held> strong:64770:6277290:2026-10-09\ 13:26:10.240212050\ +0000\|68
STATUS OUTCOME BACKSTOP (newest captain-facing task event has no covering branch outcome):
ship done [at=1791551169]: PR https://github.com/o/r/pull/7 checks green
WAKE_ACK_REQUIRED: after handling completes run bin/fm-wake-drain.sh --ack-through 1 --recovery-generation 3286595.1791552371.eN027r
●━━━━━━━━━━━━━━━━━━━━━━━━━━━━━━━━━━━━━━━━━━━━━━━━━━━━━━━━━━━━━━━━━━━━━━━
●  WATCHER DOWN - SUPERVISION IS OFF
●  1 task(s) in flight, but no live watcher process holds this home lock (last beat: 3s ago).
●  Trust the emitted supervision protocol for this harness; do not use shell & for watcher repair.
●  This is a supervision warning only; the guarded operation WILL still run.
●  Quiet mode owns watcher supervision; load /quiet and ensure the daemon is running instead of starting normal supervision directly.
●━━━━━━━━━━━━━━━━━━━━━━━━━━━━━━━━━━━━━━━━━━━━━━━━━━━━━━━━━━━━━━━━━━━━━━━
WARNING: queued wakes pending - drain them with bin/fm-wake-drain.sh before anything else.
EXIT=0
$ bin/fm-wake-drain.sh --ack-through 1 --recovery-generation 3286595.1791552371.eN027r
EXIT=0
$ bin/fm-watch.sh
check: PR-ready overdue: task=ship PR=https://github.com/o/r/pull/7 age=1206s; start its authorized review or landing, then acknowledge with bin/fm-pr-ready-ack.sh ship https://github.com/o/r/pull/7 <review-started|merge-started|held> strong:64770:6277290:2026-10-09\ 13:26:10.240212050\ +0000\|68
EXIT=0
STATE .wake-queue
1791552375	2	check	pr-ready-ship	check: PR-ready overdue: task=ship PR=https://github.com/o/r/pull/7 age=1206s; start its authorized review or landing, then acknowledge with bin/fm-pr-ready-ack.sh ship https://github.com/o/r/pull/7 <review-started|merge-started|held> strong:64770:6277290:2026-10-09\ 13:26:10.240212050\ +0000\|68

PASS Restarting the watcher after draining the wake repeats the still-unhandled PR alarm
$ bin/fm-pr-ready-ack.sh --capture ship https://github.com/o/r/pull/7
strong:64770:6277290:2026-10-09 13:26:10.240212050 +0000|68
done [at=1791551169]: PR https://github.com/o/r/pull/7 checks green
EXIT=0
REPORT ready [at=1791552376]: PR https://github.com/o/r/pull/7 fixes ready for second review
$ bin/fm-pr-ready-ack.sh ship https://github.com/o/r/pull/7 review-started strong:64770:6277290:2026-10-09 13:26:10.240212050 +0000|68
acknowledged: task=ship PR=https://github.com/o/r/pull/7 reason=review-started
EXIT=0
$ bin/fm-wake-drain.sh
1791552375	2	check	pr-ready-ship	check: PR-ready overdue: task=ship PR=https://github.com/o/r/pull/7 age=1206s; start its authorized review or landing, then acknowledge with bin/fm-pr-ready-ack.sh ship https://github.com/o/r/pull/7 <review-started|merge-started|held> strong:64770:6277290:2026-10-09\ 13:26:10.240212050\ +0000\|68
STATUS OUTCOME BACKSTOP (newest captain-facing task event has no covering branch outcome):
ship ready [at=1791552376]: PR https://github.com/o/r/pull/7 fixes ready for second review
WAKE_ACK_REQUIRED: after handling completes run bin/fm-wake-drain.sh --ack-through 2 --recovery-generation 3290373.1791552375.j6y76a
WARNING: watcher still down (same stale episode; last beat: 2s ago, grace 300s) - full banner already printed this episode.
WARNING: queued wakes pending - drain them with bin/fm-wake-drain.sh before anything else.
EXIT=0
$ bin/fm-wake-drain.sh --ack-through 2 --recovery-generation 3290373.1791552375.j6y76a
EXIT=0
$ bin/fm-watch.sh
check: PR-ready overdue: task=ship PR=https://github.com/o/r/pull/7 age=3s; start its authorized review or landing, then acknowledge with bin/fm-pr-ready-ack.sh ship https://github.com/o/r/pull/7 <review-started|merge-started|held> strong:64770:6277290:2026-10-09\ 13:26:10.240212050\ +0000\|154
EXIT=0
STATE ship.pr-ready
strong:64770:6277290:2026-10-09 13:26:10.240212050 +0000
154
https://github.com/o/r/pull/7
1791552376
1791552379
0
154
fm-pr-ready-v1

STATE ship.pr-ready-ack
strong:64770:6277290:2026-10-09 13:26:10.240212050 +0000
68
https://github.com/o/r/pull/7
review-started
fm-pr-ready-ack-v1

PASS A delayed acknowledgement of report A leaves a newer ready report B on the same PR pending
$ bin/fm-pr-ready-ack.sh --capture ship https://github.com/o/r/pull/7
strong:64770:6277290:2026-10-09 13:26:10.240212050 +0000|154
ready [at=1791552376]: PR https://github.com/o/r/pull/7 fixes ready for second review
EXIT=0
$ bin/fm-pr-ready-ack.sh ship https://github.com/o/r/pull/7 review-started strong:64770:6277290:2026-10-09 13:26:10.240212050 +0000|1
error: captured report is unavailable or names another PR
EXIT=1
$ bin/fm-pr-ready-ack.sh ship https://github.com/o/r/pull/7 review-started strong:64770:6277290:2026-10-09 13:26:10.240212050 +0000|999999999
error: captured report no longer belongs to this status log
EXIT=1
$ bin/fm-pr-ready-ack.sh ship https://github.com/o/r/pull/7 review-started wrong-identity|1
error: captured report no longer belongs to this status log
EXIT=1
$ bin/fm-pr-ready-ack.sh ship https://github.com/o/r/pull/8 held strong:64770:6277290:2026-10-09 13:26:10.240212050 +0000|154
error: captured report is unavailable or names another PR
EXIT=1
PASS Acknowledgement refuses partial, future, stale-identity and wrong-PR report tokens
$ bin/fm-pr-ready-ack.sh ship https://github.com/o/r/pull/7 review-started strong:64770:6277290:2026-10-09 13:26:10.240212050 +0000|154
acknowledged: task=ship PR=https://github.com/o/r/pull/7 reason=review-started
EXIT=0
$ bin/fm-wake-drain.sh
1791552380	3	check	pr-ready-ship	check: PR-ready overdue: task=ship PR=https://github.com/o/r/pull/7 age=3s; start its authorized review or landing, then acknowledge with bin/fm-pr-ready-ack.sh ship https://github.com/o/r/pull/7 <review-started|merge-started|held> strong:64770:6277290:2026-10-09\ 13:26:10.240212050\ +0000\|154
WAKE_ACK_REQUIRED: after handling completes run bin/fm-wake-drain.sh --ack-through 3 --recovery-generation 3294399.1791552380.LLFQA5
WARNING: watcher still down (same stale episode; last beat: 3s ago, grace 300s) - full banner already printed this episode.
WARNING: queued wakes pending - drain them with bin/fm-wake-drain.sh before anything else.
EXIT=0
$ bin/fm-wake-drain.sh --ack-through 3 --recovery-generation 3294399.1791552380.LLFQA5
EXIT=0
$ bin/fm-watch.sh
EXIT=-15
$ bin/fm-watch.sh
check: rearm-resurface
EXIT=0
$ bin/fm-watch.sh
check: rearm-resurface
EXIT=0
$ bin/fm-watch.sh
check: rearm-resurface
EXIT=0
$ bin/fm-watch.sh
EXIT=-15
STATE ship.pr-ready
strong:64770:6277290:2026-10-09 13:26:10.240212050 +0000
154
https://github.com/o/r/pull/7
1791552376
1791552379
1
154
fm-pr-ready-v1

PASS Acknowledging the exact newer report suppresses subsequent overdue alarms across watcher restarts
REPORT done [at=1791552390]: PR https://github.com/o/r/pull/7 third review ready
$ bin/fm-watch.sh
check: rearm-resurface
EXIT=0
$ bin/fm-watch.sh
check: rearm-resurface
EXIT=0
$ bin/fm-watch.sh
check: rearm-resurface
EXIT=0
$ bin/fm-watch.sh
check: rearm-resurface
EXIT=0
$ bin/fm-watch.sh
check: rearm-resurface
EXIT=0
$ bin/fm-watch.sh
check: rearm-resurface
EXIT=0
$ bin/fm-watch.sh
check: rearm-resurface
EXIT=0
$ bin/fm-watch.sh
check: rearm-resurface
EXIT=0
$ bin/fm-watch.sh
check: rearm-resurface
EXIT=0
$ bin/fm-watch.sh
check: rearm-resurface
EXIT=0
$ bin/fm-watch.sh
check: rearm-resurface
EXIT=0
$ bin/fm-watch.sh
check: rearm-resurface
EXIT=0
$ bin/fm-watch.sh
check: rearm-resurface
EXIT=0
$ bin/fm-watch.sh
check: rearm-resurface
EXIT=0
$ bin/fm-watch.sh
check: rearm-resurface
EXIT=0
$ bin/fm-watch.sh
check: rearm-resurface
EXIT=0
$ bin/fm-watch.sh
check: rearm-resurface
EXIT=0
$ bin/fm-watch.sh
check: rearm-resurface
EXIT=0
$ bin/fm-watch.sh
check: rearm-resurface
EXIT=0
$ bin/fm-watch.sh
check: rearm-resurface
EXIT=0
$ bin/fm-watch.sh
check: rearm-resurface
EXIT=0
$ bin/fm-watch.sh
EXIT=-15
DRIVER ERROR AssertionError('No overdue alarm before deadline')
Disposable lab removed
