FM_TEST_BEGIN 2026-10-09T13:25:25Z tests/fm-pr-ready.test.sh family=watcher-wake-lock expected_gate_skip=none
ok - age and repeat survive restart and wake acknowledgement
ok - explicit acknowledgement survives restart and retirement but not a new review cycle
ok - wrong acknowledgements and merge monitoring cannot silence the alarm
ok - acknowledgement binds to observed status bytes even before the watcher sees them
ok - delayed acknowledgement preserves newer reports before and after watcher observation
ok - acknowledgement rejects missing, partial, unrelated, future and replaced report tokens
ok - capture uses complete ready report bytes and presents the exact report
ok - alarm supplies an executable acknowledgement bound to its report
ok - task cleanup retires its overdue alarm and preserves unrelated wakes
ok - truncating and regrowing a status log cannot revive an old acknowledgement
ok - published matching merge outcome acknowledges an unobserved ready PR
ok - failed wake publication cannot suppress the next alarm
ok - only ready declarations open alarms and unrelated status cannot erase them
ok - partial appends, unknown emission time and replacement keep correct age
ok - configuration is bounded and non-ships are excluded
ok - real quiet watcher queues the actionable PR alarm without a live endpoint
FM_TEST_END 2026-10-09T13:25:47Z tests/fm-pr-ready.test.sh exit=0 duration_ms=22290 gate_skip=false
FM_TEST_SUMMARY total=1 failed=0 skipped_gate=0 duration_ms=22400
FM_TEST_SUMMARY_FAMILY family=watcher-wake-lock count=1 duration_ms=22290 failed=0
FM_TEST_SLOWEST rank=1 script=tests/fm-pr-ready.test.sh duration_ms=22290
